    Checking serde v1.0.228
    Checking ppv-lite86 v0.2.21
    Checking num-complex v0.4.6
    Checking yoke v0.8.1
    Checking tracing v0.1.44
    Checking thiserror v1.0.69
    Checking ahash v0.8.12
    Checking dyn-stack v0.13.2
    Checking dyn-stack v0.10.0
    Checking equator v0.4.2
    Checking profiling v1.0.17
    Checking tokio v1.49.0
    Checking emath v0.29.1
   Compiling rav1e v0.8.1
   Compiling av-scenechange v0.14.1
    Checking ab_glyph v0.2.32
    Checking aligned v0.4.3
    Checking native-tls v0.2.14
    Checking thiserror v2.0.18
    Checking windows-core v0.58.0
    Checking phf v0.11.3
   Compiling com_macros v0.6.0
   Compiling num_enum_derive v0.7.5
   Compiling darling_macro v0.14.4
   Compiling rustversion v1.0.22
    Checking zerovec v0.11.5
    Checking zerotrie v0.2.3
    Checking aligned-vec v0.6.4
    Checking ecolor v0.29.1
    Checking rand_chacha v0.9.0
    Checking typenum v1.19.0
    Checking pulp v0.21.5
    Checking pulp v0.18.22
   Compiling phf_generator v0.10.0
    Checking v_frame v0.3.9
    Checking strict-num v0.1.1
    Checking rand v0.9.2
    Checking termcolor v1.4.1
   Compiling string_cache_codegen v0.5.4
   Compiling phf_codegen v0.11.3
   Compiling glutin_egl_sys v0.7.1
   Compiling glutin_wgl_sys v0.6.1
   Compiling glutin_wgl_sys v0.5.0
    Checking rgb v0.8.52
   Compiling arg_enum_proc_macro v0.3.4
    Checking windows-core v0.52.0
    Checking core2 v0.4.0
    Checking kurbo v0.8.3
    Checking nom v8.0.0
    Checking tinystr v0.8.2
    Checking rand_distr v0.5.1
    Checking potential_utf v0.1.4
    Checking anstyle-query v1.1.5
    Checking immutable-chunkmap v2.1.2
    Checking icu_locale_core v2.1.1
    Checking encoding_rs v0.8.35
    Checking icu_collections v2.1.1
   Compiling miniz_oxide v0.4.4
   Compiling khronos-egl v6.0.0
    Checking untrusted v0.9.0
   Compiling zip v1.1.4
    Checking half v2.7.1
    Checking allocator-api2 v0.2.21
   Compiling httparse v1.10.1
    Checking precomputed-hash v0.1.1
    Checking mac v0.1.1
    Checking is_terminal_polyfill v1.70.2
    Checking smol_str v0.2.2
    Checking futures-sink v0.3.31
    Checking dpi v0.1.2
   Compiling ash v0.37.3+1.3.251
    Checking icu_provider v2.1.1
    Checking adler32 v1.2.0
   Compiling pkg-config v0.3.32
    Checking colorchoice v1.0.4
    Checking futures-task v0.3.31
    Checking cursor-icon v1.2.0
    Checking gemm-common v0.17.1
    Checking static_assertions v1.1.0
    Checking quick-error v2.0.1
    Checking nohash-hasher v0.2.0
   Compiling unicode-general-category v0.6.0
    Checking epaint_default_fonts v0.29.1
    Checking pin-utils v0.1.0
    Checking y4m v0.8.0
   Compiling pastey v0.1.1
    Checking icu_properties v2.1.2
    Checking icu_normalizer v2.1.1
    Checking base64 v0.21.7
   Compiling portable-atomic v1.13.1
    Checking xmlparser v0.13.6
    Checking futures-util v0.3.31
    Checking epaint v0.29.1
    Checking winit v0.30.12
    Checking gemm-f32 v0.17.1
    Checking gemm-c64 v0.17.1
    Checking gemm-c32 v0.17.1
    Checking gemm-common v0.18.2
    Checking roxmltree v0.18.1
    Checking gemm-f64 v0.17.1
   Compiling onig_sys v69.9.1
    Checking anstream v0.6.21
    Checking gemm-f32 v0.18.2
    Checking gemm-c32 v0.18.2
    Checking gemm-f64 v0.18.2
    Checking gemm-c64 v0.18.2
    Checking gemm-f16 v0.17.1
    Checking idna_adapter v1.2.1
    Checking gemm-f16 v0.18.2
    Checking hashbrown v0.14.5
    Checking futf v0.1.5
    Checking ring v0.17.14
    Checking accesskit_consumer v0.24.3
    Checking num_enum v0.7.5
    Checking svgtypes v0.9.0
    Checking idna v1.1.0
    Checking av1-grain v0.2.5
    Checking windows v0.52.0
   Compiling markup5ever v0.12.1
    Checking generic-array v0.14.7
    Checking gemm v0.18.2
    Checking bitstream-io v4.9.0
    Checking codespan-reporting v0.11.1
    Checking windows v0.58.0
    Checking tokio-util v0.7.18
    Checking yoke v0.7.5
   Compiling darling v0.14.4
    Checking url v2.5.8
    Checking com v0.6.0
    Checking safetensors v0.4.5
   Compiling phf_codegen v0.10.0
    Checking num v0.4.3
    Checking symphonia-core v0.5.5
   Compiling wgpu-hal v0.19.5
    Checking rand_core v0.6.4
   Compiling glutin v0.32.3
    Checking libloading v0.7.4
    Checking maybe-rayon v0.1.1
   Compiling num-derive v0.4.2
    Checking windows-result v0.1.2
   Compiling fax_derive v0.2.0
    Checking windows-sys v0.59.0
   Compiling simd_helpers v0.1.0
    Checking kurbo v0.9.5
    Checking memmap2 v0.9.9
    Checking simplecss v0.2.2
    Checking itertools v0.14.0
    Checking gpu-descriptor-types v0.1.2
    Checking gpu-alloc-types v0.3.0
   Compiling memoffset v0.9.1
   Compiling num-rational v0.3.2
    Checking spirv v0.3.0+sdk-1.3.268.0
    Checking dtoa v1.0.11
    Checking unicode-xid v0.2.6
    Checking ttf-parser v0.18.1
    Checking slab v0.4.12
    Checking zune-core v0.4.12
    Checking imgref v1.12.0
    Checking rustc-hash v1.1.0
   Compiling rustls v0.23.36
    Checking utf-8 v0.7.6
    Checking num_cpus v1.17.0
    Checking hexf-parse v0.2.1
    Checking presser v0.3.1
    Checking encode_unicode v1.0.0
   Compiling noop_proc_macro v0.3.0
    Checking widestring v1.2.1
    Checking adler v1.0.2
    Checking error-code v3.3.2
    Checking try-lock v0.2.5
    Checking tendril v0.4.3
    Checking ug v0.1.0
    Checking want v0.3.1
    Checking clipboard-win v5.4.1
    Checking symphonia-metadata v0.5.5
    Checking fax v0.2.6
    Checking loop9 v0.1.5
    Checking zune-jpeg v0.4.21
    Checking rustls-webpki v0.103.9
    Checking h2 v0.3.27
    Checking dtoa-short v0.3.5
    Checking console v0.15.11
    Checking gpu-alloc v0.6.0
    Checking naga v0.19.2
    Checking rosvgtree v0.1.0
    Checking gpu-descriptor v0.2.4
    Checking windows-core v0.54.0
    Checking rand_chacha v0.3.1
   Compiling selectors v0.25.0
   Compiling derive_builder_core v0.12.0
    Checking hassle-rs v0.11.0
    Checking gemm v0.17.1
    Checking egui v0.29.1
    Checking miniz_oxide v0.3.7
    Checking deflate v0.8.6
    Checking string_cache v0.8.9
    Checking http-body v0.4.6
    Checking webpki-roots v1.0.6
    Checking regex v1.12.3
    Checking futures-channel v0.3.31
   Compiling wgpu-core v0.19.4
    Checking phf_shared v0.10.0
    Checking socket2 v0.5.10
   Compiling glutin-winit v0.5.0
    Checking d3d12 v0.19.0
    Checking jpeg-decoder v0.1.22
   Compiling esaxx-rs v0.1.10
    Checking zune-inflate v0.2.54
   Compiling cssparser-macros v0.6.1
   Compiling html5ever v0.27.0
    Checking pxfm v0.1.27
    Checking avif-serialize v0.8.6
    Checking wgpu-types v0.19.2
    Checking itertools v0.8.2
    Checking clap_lex v0.7.7
    Checking data-url v0.2.0
    Checking option-ext v0.2.0
    Checking memmap2 v0.5.10
    Checking unicode-ccc v0.1.2
    Checking arrayref v0.3.9
    Checking byteorder-lite v0.1.0
    Checking rctree v0.5.0
    Checking httpdate v1.0.3
    Checking glow v0.13.1
    Checking unicode-script v0.5.8
    Checking renderdoc-sys v1.1.0
    Checking subtle v2.6.1
    Checking unicode-bidi-mirroring v0.1.0
    Checking tower-service v0.3.3
   Compiling ntapi v0.4.2
    Checking bit_field v0.10.3
    Checking minimal-lexical v0.2.1
    Checking lebe v0.5.3
    Checking zune-core v0.5.1
    Checking range-alloc v0.1.4
    Checking gpu-allocator v0.25.0
    Checking number_prefix v0.4.0
    Checking roots v0.0.6
   Compiling heck v0.5.0
    Checking tinyvec_macros v0.1.1
    Checking strsim v0.11.1
   Compiling cpal v0.15.3
    Checking imagesize v0.11.0
    Checking tinyvec v1.10.0
    Checking clap_builder v4.5.57
    Checking flo_curves v0.3.1
    Checking indicatif v0.17.11
    Checking usvg v0.29.0
   Compiling clap_derive v4.5.55
    Checking zune-jpeg v0.5.12
    Checking nom v7.1.3
    Checking exr v1.74.0
    Checking hyper v0.14.32
    Checking rustybuzz v0.7.0
    Checking image-webp v0.2.4
    Checking fontdb v0.12.0
    Checking tiny-skia-path v0.8.4
    Checking dirs-sys v0.4.1
    Checking moxcms v0.7.11
    Checking cssparser v0.31.2
    Checking tiff v0.6.1
    Checking phf v0.10.1
   Compiling derive_builder_macro v0.12.0
    Checking webpki-roots v0.26.11
    Checking ravif v0.12.0
    Checking png v0.16.8
    Checking candle-core v0.8.4
    Checking windows v0.54.0
    Checking rand v0.8.5
    Checking tiff v0.10.3
    Checking symphonia-bundle-mp3 v0.5.5
    Checking arboard v3.6.1
    Checking webbrowser v1.1.0
    Checking block-buffer v0.10.4
    Checking crypto-common v0.1.7
    Checking tokio-native-tls v0.3.1
    Checking png v0.17.16
    Checking png v0.18.0
    Checking gif v0.14.1
    Checking gif v0.11.4
    Checking textwrap v0.11.0
   Compiling wgpu v0.19.4
    Checking fxhash v0.2.1
    Checking ogg v0.8.0
    Checking atty v0.2.14
    Checking qoi v0.4.1
   Compiling derive_more v0.99.20
   Compiling monostate-impl v0.1.18
    Checking servo_arc v0.3.0
    Checking itertools v0.11.0
    Checking base64 v0.13.1
    Checking glow v0.14.2
   Compiling rfd v0.13.0
    Checking unicode-vo v0.1.0
    Checking vec_map v0.8.2
    Checking base64 v0.22.1
    Checking web-time v1.1.0
   Compiling macro_rules_attribute-proc_macro v0.2.2
    Checking scoped_threadpool v0.1.9
    Checking ryu v1.0.22
    Checking strsim v0.8.0
    Checking dasp_sample v0.11.0
   Compiling litrs v1.0.0
    Checking unicode-bidi v0.3.18
    Checking image v0.23.14
    Checking ureq v2.12.1
    Checking clap v2.34.0
    Checking serde_urlencoded v0.7.1
    Checking monostate v0.1.18
    Checking usvg-text-layout v0.29.0
    Checking spm_precompiled v0.1.4
    Checking macro_rules_attribute v0.2.2
    Checking tiny-skia v0.8.4
    Checking lewton v0.10.2
    Checking symphonia v0.5.5
    Checking hyper-tls v0.5.0
   Compiling document-features v0.2.12
    Checking digest v0.10.7
    Checking rayon-cond v0.3.0
    Checking clap v4.5.57
    Checking accesskit_windows v0.23.2
    Checking candle-nn v0.8.4
    Checking onig v6.5.1
    Checking derive_builder v0.12.0
    Checking egui_glow v0.29.1
    Checking dirs v5.0.1
    Checking visioncortex v0.8.10
    Checking image v0.25.9
    Checking env_filter v0.1.4
    Checking svgtypes v0.10.0
    Checking rustls-pemfile v1.0.4
    Checking svgfilters v0.4.0
    Checking serde_plain v1.0.2
    Checking getopts v0.2.24
    Checking winreg v0.50.0
    Checking accesskit_winit v0.22.4
    Checking fancy-regex v0.13.0
    Checking gif v0.12.0
    Checking sharded-slab v0.1.7
    Checking same-file v1.0.6
    Checking tracing-log v0.2.0
    Checking nu-ansi-term v0.50.3
    Checking unicode-normalization-alignments v0.1.12
    Checking itertools v0.12.1
    Checking egui-winit v0.29.1
    Checking thread_local v1.1.9
    Checking mime v0.3.17
    Checking jpeg-decoder v0.3.2
    Checking unicode_categories v0.1.1
    Checking cpufeatures v0.2.17
    Checking ego-tree v0.6.3
    Checking sync_wrapper v0.1.2
    Checking jiff v0.2.19
    Checking raw-window-handle v0.5.2
    Checking pico-args v0.5.0
    Checking ipnet v2.11.0
    Checking claxon v0.4.3
    Checking fastrand v2.3.0
    Checking hound v3.5.1
    Checking scraper v0.19.1
    Checking tracing-subscriber v0.3.22
    Checking candle-transformers v0.8.4
    Checking reqwest v0.11.27
    Checking sha2 v0.10.9
    Checking resvg v0.29.0
    Checking walkdir v2.5.0
    Checking hf-hub v0.3.2
    Checking vtracer v0.6.5
    Checking pollster v0.4.0
    Checking dotenv v0.15.0
    Checking sysinfo v0.29.11
    Checking tokenizers v0.15.2
    Checking eframe v0.29.1
    Checking env_logger v0.11.8
    Checking rodio v0.17.3
    Checking synoid-core v0.1.0 (D:\SYNOID)
error: unexpected closing delimiter: `}`
   --> src\agent\smart_editor.rs:291:5
    |
268 |             } else {
    |                    - this delimiter might not be properly closed...
...
272 |                 }
    |                 - ...as it matches this but it has different indentation
...
291 |     }
    |     ^ unexpected closing delimiter

error: could not compile `synoid-core` (lib) due to 1 previous error
